// Jest Snapshot v1, https://goo.gl/fbAQLP

exports[`Auth/Route -> SignIn should renders with props 1`] = `
VueWrapper {
  "__app": Object {
    "_component": Object {
      "__emits": null,
      "__props": Array [
        Object {},
        Array [],
      ],
      "name": "VTU_ROOT",
      "render": [Function],
    },
    "_container": <div
      data-v-app=""
    >
      <div>
        <form>
          <input
            label="Email"
            required=""
          />
          <input
            label="Password"
            required=""
            type="password"
          />
          <button
            color="pink"
            dark=""
          >
            Sign-in
          </button>
        </form>
      </div>
    </div>,
    "_context": Object {
      "app": [Circular],
      "components": Object {
        "transition": Object {
          "name": "transition",
          "props": undefined,
          "render": [Function],
        },
        "transition-group": Object {
          "name": "transition-group",
          "props": undefined,
          "render": [Function],
        },
      },
      "config": Object {
        "errorHandler": undefined,
        "globalProperties": Object {
          "$store": Store {
            "_actionSubscribers": Array [],
            "_actions": Object {
              "USER/SIGN_IN": Array [
                [Function],
              ],
            },
            "_committing": false,
            "_makeLocalGettersCache": Object {},
            "_modules": ModuleCollection {
              "root": Module {
                "_children": Object {},
                "_rawModule": Object {
                  "actions": Object {
                    "USER/SIGN_IN": [MockFunction],
                  },
                },
                "context": Object {
                  "commit": [Function],
                  "dispatch": [Function],
                },
                "runtime": false,
                "state": Object {},
              },
            },
            "_modulesNamespaceMap": Object {},
            "_mutations": Object {},
            "_state": Object {
              "data": Object {},
            },
            "_subscribers": Array [],
            "_wrappedGetters": Object {},
            "commit": [Function],
            "dispatch": [Function],
            "getters": Object {},
            "strict": false,
          },
        },
        "isCustomElement": [Function],
        "isNativeTag": [Function],
        "optionMergeStrategies": Object {},
        "performance": false,
        "warnHandler": undefined,
      },
      "directives": Object {},
      "mixins": Array [
        Object {
          "__emits": null,
          "__props": Array [],
          "beforeCreate": [Function],
        },
      ],
      "provides": Object {
        "store": Store {
          "_actionSubscribers": Array [],
          "_actions": Object {
            "USER/SIGN_IN": Array [
              [Function],
            ],
          },
          "_committing": false,
          "_makeLocalGettersCache": Object {},
          "_modules": ModuleCollection {
            "root": Module {
              "_children": Object {},
              "_rawModule": Object {
                "actions": Object {
                  "USER/SIGN_IN": [MockFunction],
                },
              },
              "context": Object {
                "commit": [Function],
                "dispatch": [Function],
              },
              "runtime": false,
              "state": Object {},
            },
          },
          "_modulesNamespaceMap": Object {},
          "_mutations": Object {},
          "_state": Object {
            "data": Object {},
          },
          "_subscribers": Array [],
          "_wrappedGetters": Object {},
          "commit": [Function],
          "dispatch": [Function],
          "getters": Object {},
          "strict": false,
        },
      },
      "reload": [Function],
    },
    "_props": null,
    "_uid": 0,
    "component": [Function],
    "config": Object {
      "errorHandler": undefined,
      "globalProperties": Object {
        "$store": Store {
          "_actionSubscribers": Array [],
          "_actions": Object {
            "USER/SIGN_IN": Array [
              [Function],
            ],
          },
          "_committing": false,
          "_makeLocalGettersCache": Object {},
          "_modules": ModuleCollection {
            "root": Module {
              "_children": Object {},
              "_rawModule": Object {
                "actions": Object {
                  "USER/SIGN_IN": [MockFunction],
                },
              },
              "context": Object {
                "commit": [Function],
                "dispatch": [Function],
              },
              "runtime": false,
              "state": Object {},
            },
          },
          "_modulesNamespaceMap": Object {},
          "_mutations": Object {},
          "_state": Object {
            "data": Object {},
          },
          "_subscribers": Array [],
          "_wrappedGetters": Object {},
          "commit": [Function],
          "dispatch": [Function],
          "getters": Object {},
          "strict": false,
        },
      },
      "isCustomElement": [Function],
      "isNativeTag": [Function],
      "optionMergeStrategies": Object {},
      "performance": false,
      "warnHandler": undefined,
    },
    "directive": [Function],
    "mixin": [Function],
    "mount": [Function],
    "provide": [Function],
    "unmount": [Function],
    "use": [Function],
    "version": "3.0.11",
  },
  "__setProps": [Function],
  "componentVM": Object {
    "email": undefined,
    "hasOwnProperty": [Function],
    "password": undefined,
    "signIn": [Function],
    "submit": [Function],
  },
  "rootVM": Object {},
  "wrapperElement": <div>
    <form>
      <input
        label="Email"
        required=""
      />
      <input
        label="Password"
        required=""
        type="password"
      />
      <button
        color="pink"
        dark=""
      >
        Sign-in
      </button>
    </form>
  </div>,
}
`;
